// Jest Snapshot v1, https://goo.gl/fbAQLP

exports[`<Home /> renders the Home page 1`] = `
Object {
  "asFragment": [Function],
  "baseElement": <body>
    <div>
      <div
        class="banner"
      >
        <h1
          class="logoFont"
          id="banner"
        >
          conduit app remake
        </h1>
        <p>
          A place to share your knowledge.
        </p>
      </div>
      <div
        class="splitscreen"
      >
        <div
          class="homeContainer"
        >
          <ul
            class="globalFeedOutline"
          >
            <li
              class="nav-item"
            >
              <a
                class="nav-link active"
                href=""
              >
                Global Feed
              </a>
            </li>
          </ul>
          <div>
            <div
              class="makeStyles-loader-1"
            >
              <div
                class="sc-bdVaJa gfLNMF"
                style="margin: auto; position: absolute; left: 0px; right: 0px; top: 0px; bottom: 0px;"
              >
                <div
                  class="sc-bwzfXH sc-htpNat flDhnP"
                >
                  <span
                    class="sc-bZQynM iepmoa"
                  />
                </div>
                <div
                  class="sc-bwzfXH sc-bxivhb kINVDU"
                >
                  <span
                    class="sc-bZQynM iepmoa"
                  />
                </div>
                <div
                  class="sc-bwzfXH sc-ifAKCX gJwEBr"
                >
                  <span
                    class="sc-bZQynM iepmoa"
                  />
                </div>
                <div
                  class="sc-bwzfXH sc-EHOje hkQVFp"
                >
                  <span
                    class="sc-bZQynM iepmoa"
                  />
                </div>
              </div>
            </div>
          </div>
        </div>
        <div
          class="right"
        >
          <p>
            Popular Tags
          </p>
          <div
            class="makeStyles-loader-2"
          >
            <div
              class="sc-bdVaJa gfLNMF"
              style="margin: auto; position: absolute; left: 0px; right: 0px; top: 0px; bottom: 0px;"
            >
              <div
                class="sc-bwzfXH sc-htpNat flDhnP"
              >
                <span
                  class="sc-bZQynM iepmoa"
                />
              </div>
              <div
                class="sc-bwzfXH sc-bxivhb kINVDU"
              >
                <span
                  class="sc-bZQynM iepmoa"
                />
              </div>
              <div
                class="sc-bwzfXH sc-ifAKCX gJwEBr"
              >
                <span
                  class="sc-bZQynM iepmoa"
                />
              </div>
              <div
                class="sc-bwzfXH sc-EHOje hkQVFp"
              >
                <span
                  class="sc-bZQynM iepmoa"
                />
              </div>
            </div>
          </div>
        </div>
      </div>
    </div>
  </body>,
  "container": <div>
    <div
      class="banner"
    >
      <h1
        class="logoFont"
        id="banner"
      >
        conduit app remake
      </h1>
      <p>
        A place to share your knowledge.
      </p>
    </div>
    <div
      class="splitscreen"
    >
      <div
        class="homeContainer"
      >
        <ul
          class="globalFeedOutline"
        >
          <li
            class="nav-item"
          >
            <a
              class="nav-link active"
              href=""
            >
              Global Feed
            </a>
          </li>
        </ul>
        <div>
          <div
            class="makeStyles-loader-1"
          >
            <div
              class="sc-bdVaJa gfLNMF"
              style="margin: auto; position: absolute; left: 0px; right: 0px; top: 0px; bottom: 0px;"
            >
              <div
                class="sc-bwzfXH sc-htpNat flDhnP"
              >
                <span
                  class="sc-bZQynM iepmoa"
                />
              </div>
              <div
                class="sc-bwzfXH sc-bxivhb kINVDU"
              >
                <span
                  class="sc-bZQynM iepmoa"
                />
              </div>
              <div
                class="sc-bwzfXH sc-ifAKCX gJwEBr"
              >
                <span
                  class="sc-bZQynM iepmoa"
                />
              </div>
              <div
                class="sc-bwzfXH sc-EHOje hkQVFp"
              >
                <span
                  class="sc-bZQynM iepmoa"
                />
              </div>
            </div>
          </div>
        </div>
      </div>
      <div
        class="right"
      >
        <p>
          Popular Tags
        </p>
        <div
          class="makeStyles-loader-2"
        >
          <div
            class="sc-bdVaJa gfLNMF"
            style="margin: auto; position: absolute; left: 0px; right: 0px; top: 0px; bottom: 0px;"
          >
            <div
              class="sc-bwzfXH sc-htpNat flDhnP"
            >
              <span
                class="sc-bZQynM iepmoa"
              />
            </div>
            <div
              class="sc-bwzfXH sc-bxivhb kINVDU"
            >
              <span
                class="sc-bZQynM iepmoa"
              />
            </div>
            <div
              class="sc-bwzfXH sc-ifAKCX gJwEBr"
            >
              <span
                class="sc-bZQynM iepmoa"
              />
            </div>
            <div
              class="sc-bwzfXH sc-EHOje hkQVFp"
            >
              <span
                class="sc-bZQynM iepmoa"
              />
            </div>
          </div>
        </div>
      </div>
    </div>
  </div>,
  "debug": [Function],
  "findAllByAltText": [Function],
  "findAllByDisplayValue": [Function],
  "findAllByLabelText": [Function],
  "findAllByPlaceholderText": [Function],
  "findAllByRole": [Function],
  "findAllByTestId": [Function],
  "findAllByText": [Function],
  "findAllByTitle": [Function],
  "findByAltText": [Function],
  "findByDisplayValue": [Function],
  "findByLabelText": [Function],
  "findByPlaceholderText": [Function],
  "findByRole": [Function],
  "findByTestId": [Function],
  "findByText": [Function],
  "findByTitle": [Function],
  "getAllByAltText": [Function],
  "getAllByDisplayValue": [Function],
  "getAllByLabelText": [Function],
  "getAllByPlaceholderText": [Function],
  "getAllByRole": [Function],
  "getAllByTestId": [Function],
  "getAllByText": [Function],
  "getAllByTitle": [Function],
  "getByAltText": [Function],
  "getByDisplayValue": [Function],
  "getByLabelText": [Function],
  "getByPlaceholderText": [Function],
  "getByRole": [Function],
  "getByTestId": [Function],
  "getByText": [Function],
  "getByTitle": [Function],
  "queryAllByAltText": [Function],
  "queryAllByDisplayValue": [Function],
  "queryAllByLabelText": [Function],
  "queryAllByPlaceholderText": [Function],
  "queryAllByRole": [Function],
  "queryAllByTestId": [Function],
  "queryAllByText": [Function],
  "queryAllByTitle": [Function],
  "queryByAltText": [Function],
  "queryByDisplayValue": [Function],
  "queryByLabelText": [Function],
  "queryByPlaceholderText": [Function],
  "queryByRole": [Function],
  "queryByTestId": [Function],
  "queryByText": [Function],
  "queryByTitle": [Function],
  "rerender": [Function],
  "unmount": [Function],
}
`;
